---
source: libsirc/tests/mod.rs
expression: actual_str
---
;tilemap 1 comment
:tilemaps
.DW #0x0001
.DW #0x0002
.DW #0x0003
.DW #0x0004
:palettes
;palette 0 comment
.DW #0x0000
.DW #0x0001
.DW #0x0002
.DW #0x0003
.DW #0x0004
.DW #0x0005
.DW #0x0006
.DW #0x0007
.DW #0x0008
.DW #0x0009
.DW #0x000A
.DW #0x000B
.DW #0x000C
.DW #0x000D
.DW #0x000E
.DW #0x000F
;palette 1 comment
.DW #0x0001
.DW #0x0002
.DW #0x0003
.DW #0x0004
.DW #0x0005
.DW #0x0006
.DW #0x0007
.DW #0x0008
.DW #0x0009
.DW #0x000A
.DW #0x000B
.DW #0x000C
.DW #0x000D
.DW #0x000E
.DW #0x000F
.DW #0x0010
;palette 2 comment
.DW #0x0002
.DW #0x0003
.DW #0x0004
.DW #0x0005
.DW #0x0006
.DW #0x0007
.DW #0x0008
.DW #0x0009
.DW #0x000A
.DW #0x000B
.DW #0x000C
.DW #0x000D
.DW #0x000E
.DW #0x000F
.DW #0x0010
.DW #0x0011
;palette 3 comment
.DW #0x0003
.DW #0x0004
.DW #0x0005
.DW #0x0006
.DW #0x0007
.DW #0x0008
.DW #0x0009
.DW #0x000A
.DW #0x000B
.DW #0x000C
.DW #0x000D
.DW #0x000E
.DW #0x000F
.DW #0x0010
.DW #0x0011
.DW #0x0012
;palette 4 comment
.DW #0x0004
.DW #0x0005
.DW #0x0006
.DW #0x0007
.DW #0x0008
.DW #0x0009
.DW #0x000A
.DW #0x000B
.DW #0x000C
.DW #0x000D
.DW #0x000E
.DW #0x000F
.DW #0x0010
.DW #0x0011
.DW #0x0012
.DW #0x0013
;palette 5 comment
.DW #0x0005
.DW #0x0006
.DW #0x0007
.DW #0x0008
.DW #0x0009
.DW #0x000A
.DW #0x000B
.DW #0x000C
.DW #0x000D
.DW #0x000E
.DW #0x000F
.DW #0x0010
.DW #0x0011
.DW #0x0012
.DW #0x0013
.DW #0x0014
;palette 6 comment
.DW #0x0006
.DW #0x0007
.DW #0x0008
.DW #0x0009
.DW #0x000A
.DW #0x000B
.DW #0x000C
.DW #0x000D
.DW #0x000E
.DW #0x000F
.DW #0x0010
.DW #0x0011
.DW #0x0012
.DW #0x0013
.DW #0x0014
.DW #0x0015
;palette 7 comment
.DW #0x0007
.DW #0x0008
.DW #0x0009
.DW #0x000A
.DW #0x000B
.DW #0x000C
.DW #0x000D
.DW #0x000E
.DW #0x000F
.DW #0x0010
.DW #0x0011
.DW #0x0012
.DW #0x0013
.DW #0x0014
.DW #0x0015
.DW #0x0016
;palette 8 comment
.DW #0x0008
.DW #0x0009
.DW #0x000A
.DW #0x000B
.DW #0x000C
.DW #0x000D
.DW #0x000E
.DW #0x000F
.DW #0x0010
.DW #0x0011
.DW #0x0012
.DW #0x0013
.DW #0x0014
.DW #0x0015
.DW #0x0016
.DW #0x0017
;palette 9 comment
.DW #0x0009
.DW #0x000A
.DW #0x000B
.DW #0x000C
.DW #0x000D
.DW #0x000E
.DW #0x000F
.DW #0x0010
.DW #0x0011
.DW #0x0012
.DW #0x0013
.DW #0x0014
.DW #0x0015
.DW #0x0016
.DW #0x0017
.DW #0x0018
;palette 10 comment
.DW #0x000A
.DW #0x000B
.DW #0x000C
.DW #0x000D
.DW #0x000E
.DW #0x000F
.DW #0x0010
.DW #0x0011
.DW #0x0012
.DW #0x0013
.DW #0x0014
.DW #0x0015
.DW #0x0016
.DW #0x0017
.DW #0x0018
.DW #0x0019
;palette 11 comment
.DW #0x000B
.DW #0x000C
.DW #0x000D
.DW #0x000E
.DW #0x000F
.DW #0x0010
.DW #0x0011
.DW #0x0012
.DW #0x0013
.DW #0x0014
.DW #0x0015
.DW #0x0016
.DW #0x0017
.DW #0x0018
.DW #0x0019
.DW #0x001A
;palette 12 comment
.DW #0x000C
.DW #0x000D
.DW #0x000E
.DW #0x000F
.DW #0x0010
.DW #0x0011
.DW #0x0012
.DW #0x0013
.DW #0x0014
.DW #0x0015
.DW #0x0016
.DW #0x0017
.DW #0x0018
.DW #0x0019
.DW #0x001A
.DW #0x001B
;palette 13 comment
.DW #0x000D
.DW #0x000E
.DW #0x000F
.DW #0x0010
.DW #0x0011
.DW #0x0012
.DW #0x0013
.DW #0x0014
.DW #0x0015
.DW #0x0016
.DW #0x0017
.DW #0x0018
.DW #0x0019
.DW #0x001A
.DW #0x001B
.DW #0x001C
;palette 14 comment
.DW #0x000E
.DW #0x000F
.DW #0x0010
.DW #0x0011
.DW #0x0012
.DW #0x0013
.DW #0x0014
.DW #0x0015
.DW #0x0016
.DW #0x0017
.DW #0x0018
.DW #0x0019
.DW #0x001A
.DW #0x001B
.DW #0x001C
.DW #0x001D
;palette 15 comment
.DW #0x000F
.DW #0x0010
.DW #0x0011
.DW #0x0012
.DW #0x0013
.DW #0x0014
.DW #0x0015
.DW #0x0016
.DW #0x0017
.DW #0x0018
.DW #0x0019
.DW #0x001A
.DW #0x001B
.DW #0x001C
.DW #0x001D
.DW #0x001E
