---
source: toolchain/tests/assembler/arithmetic_immediate_test.rs
expression: "config_hex(&object.program.as_slice(), hex_config)"
---
Length: 144 (0x90) bytes
0000:   00 40 00 10   .@..
0004:   04 80 00 10   ....
0008:   08 c0 00 50   ...P
000c:   0d 00 00 50   ...P
0010:   11 40 3f 90   .@?.
0014:   15 80 3c 10   ..<.
0018:   19 c0 3e 90   ..>.
001c:   2a 40 03 d0   *@..
0020:   32 80 19 10   2...
0024:   3a c0 04 10   :...
0028:   3f 00 3c 10   ?.<.
002c:   03 40 00 10   .@..
0030:   07 80 00 10   ....
0034:   0b c0 00 50   ...P
0038:   80 40 04 10   .@..
003c:   84 80 08 50   ...P
0040:   88 c0 4c 90   ..L.
0044:   8d 00 50 d0   ..P.
0048:   91 7f 95 10   ....
004c:   95 bc 19 50   ...P
0050:   99 fe 81 90   ....
0054:   aa 43 ca 10   .C..
0058:   b2 99 0e 50   ...P
005c:   ba c4 12 90   ....
0060:   bf 3c 16 d0   .<..
0064:   83 40 1b 10   .@..
0068:   87 80 03 50   ...P
006c:   8b c0 43 90   ..C.
0070:   80 40 07 d0   .@..
0074:   80 40 24 50   .@$P
0078:   84 80 28 90   ..(.
007c:   88 c0 6c d0   ..l.
0080:   8d 00 71 10   ..q.
0084:   91 7f b5 50   ...P
0088:   95 ab f9 90   ....
008c:   99 fe a1 d0   ....
