---
source: toolchain/tests/assembler/arithmetic_register_test.rs
expression: "config_hex(&object.program.as_slice(), hex_config)"
---
Length: 112 (0x70) bytes
0000:   c0 47 80 10   .G..
0004:   c4 8b c0 10   ....
0008:   c8 cf 00 10   ....
000c:   cd 13 40 10   ..@.
0010:   d1 56 80 10   .V..
0014:   d5 9a c0 10   ....
0018:   d9 de 00 10   ....
001c:   ea 65 c0 10   .e..
0020:   f2 a9 80 10   ....
0024:   fa ed 40 10   ..@.
0028:   ff 31 00 10   .1..
002c:   c3 74 c0 10   .t..
0030:   c7 b8 80 10   ....
0034:   cb fc 40 10   ..@.
0038:   c0 7a 00 10   .z..
003c:   c4 be 40 10   ..@.
0040:   c8 f2 80 10   ....
0044:   cd 36 c0 10   .6..
0048:   d1 6b 00 10   .k..
004c:   d5 af 40 10   ..@.
0050:   d9 e3 80 10   ....
0054:   ea 5c 40 10   .\@.
0058:   f2 98 80 10   ....
005c:   fa d4 c0 10   ....
0060:   ff 11 00 10   ....
0064:   c3 4d 40 10   .M@.
0068:   c7 89 80 10   ....
006c:   cb c5 c0 10   ....
